core_cm7.h:2229:22:SCB_EnableICache	4	static,ignoring_inline_asm
core_cm7.h:2281:22:SCB_EnableDCache	24	static,ignoring_inline_asm
main.c:85:6:Line_Change1	16	static
main.c:92:6:Line_Change6	16	static
main.c:100:6:UART6_Start	16	static
main.c:106:6:UART1_Start	16	static
main.c:113:15:UART6_Print	32	static
main.c:156:15:UART1_Print	32	static
main.c:187:6:HAL_UART_RxCpltCallback	16	static
main.c:202:6:HAL_TIM_PeriodElapsedCallback	16	static
main.c:210:15:Num_Select	16	static
main.c:249:15:Segment_Select	16	static
main.c:278:15:Segment_Test	16	static
main.c:300:5:main	32	static
main.c:394:6:SystemClock_Config	216	static
main.c:452:13:MX_TIM3_Init	40	static
main.c:497:13:MX_USART1_UART_Init	8	static
main.c:532:13:MX_USART6_UART_Init	8	static
main.c:567:13:MX_GPIO_Init	56	static
main.c:662:6:Error_Handler	4	static,ignoring_inline_asm
