core_cm7.h:2229:22:SCB_EnableICache	4	static,ignoring_inline_asm
core_cm7.h:2281:22:SCB_EnableDCache	24	static,ignoring_inline_asm
main.c:83:6:Line_Change1	16	static
main.c:90:6:Line_Change6	16	static
main.c:98:6:UART6_Start	16	static
main.c:104:6:UART1_Start	16	static
main.c:111:6:UART6_Print	16	static
main.c:132:6:UART1_Print	32	static
main.c:164:6:UART6_Call_Arduino	8	static
main.c:211:6:HAL_UART_RxCpltCallback	16	static
main.c:227:6:HAL_TIM_PeriodElapsedCallback	16	static
main.c:237:6:Num_Select	16	static
main.c:276:6:Segment_Select	16	static
main.c:303:6:Segment_Test	16	static
main.c:318:5:_write	24	static
main.c:328:5:main	32	static
main.c:431:6:SystemClock_Config	216	static
main.c:489:13:MX_TIM3_Init	40	static
main.c:534:13:MX_USART1_UART_Init	8	static
main.c:569:13:MX_USART6_UART_Init	8	static
main.c:604:13:MX_GPIO_Init	56	static
main.c:699:6:Error_Handler	4	static,ignoring_inline_asm
