stm32f7xx_it.c:74:6:NMI_Handler	4	static
stm32f7xx_it.c:89:6:HardFault_Handler	4	static
stm32f7xx_it.c:104:6:MemManage_Handler	4	static
stm32f7xx_it.c:119:6:BusFault_Handler	4	static
stm32f7xx_it.c:134:6:UsageFault_Handler	4	static
stm32f7xx_it.c:149:6:SVC_Handler	4	static
stm32f7xx_it.c:162:6:DebugMon_Handler	4	static
stm32f7xx_it.c:175:6:PendSV_Handler	4	static
stm32f7xx_it.c:188:6:SysTick_Handler	8	static
stm32f7xx_it.c:209:6:RCC_IRQHandler	4	static
stm32f7xx_it.c:222:6:EXTI0_IRQHandler	16	static
stm32f7xx_it.c:248:6:EXTI9_5_IRQHandler	16	static
stm32f7xx_it.c:273:6:TIM3_IRQHandler	8	static
stm32f7xx_it.c:287:6:USART1_IRQHandler	8	static
stm32f7xx_it.c:301:6:EXTI15_10_IRQHandler	16	static
stm32f7xx_it.c:328:6:USART6_IRQHandler	8	static
