lcd16x2_i2c.h:104:13:lcd16x2_i2c_sendCommand	32	static
lcd16x2_i2c.h:118:13:lcd16x2_i2c_sendData	32	static
lcd16x2_i2c.h:137:6:lcd16x2_i2c_init	16	static
lcd16x2_i2c.h:188:6:lcd16x2_i2c_setCursor	24	static
lcd16x2_i2c.h:207:6:lcd16x2_i2c_1stLine	8	static
lcd16x2_i2c.h:214:6:lcd16x2_i2c_2ndLine	8	static
lcd16x2_i2c.h:222:6:lcd16x2_i2c_TwoLines	8	static
lcd16x2_i2c.h:226:6:lcd16x2_i2c_OneLine	8	static
lcd16x2_i2c.h:234:6:lcd16x2_i2c_cursorShow	16	static
lcd16x2_i2c.h:249:6:lcd16x2_i2c_clear	8	static
lcd16x2_i2c.h:258:6:lcd16x2_i2c_display	16	static
lcd16x2_i2c.h:273:6:lcd16x2_i2c_shiftRight	24	static
lcd16x2_i2c.h:284:6:lcd16x2_i2c_shiftLeft	24	static
lcd16x2_i2c.h:295:6:lcd16x2_i2c_printf	48	static
main.c:67:5:main	16	static
main.c:132:6:SystemClock_Config	216	static
main.c:189:13:MX_I2C1_Init	8	static
main.c:235:13:MX_GPIO_Init	48	static
main.c:269:6:HAL_TIM_PeriodElapsedCallback	16	static
main.c:286:6:Error_Handler	4	static,ignoring_inline_asm
