main.c:133:5:main	48	static
main.c:230:6:SystemClock_Config	216	static
main.c:313:13:MX_ADC3_Init	24	static
main.c:363:13:MX_CRC_Init	8	static
main.c:394:13:MX_DCMI_Init	8	static
main.c:431:13:MX_DMA2D_Init	8	static
main.c:468:13:MX_ETH_Init	8	static
main.c:515:13:MX_I2C1_Init	8	static
main.c:561:13:MX_I2C3_Init	8	static
main.c:607:13:MX_LTDC_Init	64	static
main.c:669:13:MX_QUADSPI_Init	8	static
main.c:704:13:MX_RTC_Init	80	static
main.c:796:13:MX_SAI2_Init	8	static
main.c:871:13:MX_SDMMC1_SD_Init	4	static
main.c:899:13:MX_SPDIFRX_Init	8	static
main.c:935:13:MX_SPI2_Init	8	static
main.c:975:13:MX_TIM1_Init	112	static
main.c:1055:13:MX_TIM2_Init	64	static
main.c:1114:13:MX_TIM3_Init	64	static
main.c:1173:13:MX_TIM5_Init	64	static
main.c:1232:13:MX_TIM8_Init	40	static
main.c:1279:13:MX_TIM12_Init	40	static
main.c:1321:13:MX_USART1_UART_Init	8	static
main.c:1356:13:MX_USART6_UART_Init	8	static
main.c:1387:13:MX_FMC_Init	40	static
main.c:1438:13:MX_GPIO_Init	72	static
main.c:1603:6:StartDefaultTask	16	static
main.c:1624:6:HAL_TIM_PeriodElapsedCallback	16	static
main.c:1641:6:Error_Handler	4	static,ignoring_inline_asm
