19:29:17 **** Incremental Build of configuration Debug for project STM32F746G-DISC_i2C ****
make -j7 all 
arm-none-eabi-gcc "../Core/Src/main.c" -mcpu=cortex-m7 -std=gnu11 -g3 -DDEBUG -DUSE_HAL_DRIVER -DSTM32F746xx -c -I../Core/Inc -I../Drivers/STM32F7xx_HAL_Driver/Inc -I../Drivers/STM32F7xx_HAL_Driver/Inc/Legacy -I../Drivers/CMSIS/Device/ST/STM32F7xx/Include -I../Drivers/CMSIS/Include -O0 -ffunction-sections -fdata-sections -Wall -fstack-usage -MMD -MP -MF"Core/Src/main.d" -MT"Core/Src/main.o" --specs=nano.specs -mfpu=fpv5-sp-d16 -mfloat-abi=hard -mthumb -o "Core/Src/main.o"
../Core/Src/main.c: In function 'main':
../Core/Src/main.c:103:6: warning: unused variable 'T' [-Wunused-variable]
arm-none-eabi-gcc -o "STM32F746G-DISC_i2C.elf" @"objects.list"   -mcpu=cortex-m7 -T"/Users/byungwookoh/Documents/GitHub/STM32F746G-DISCO/STM32F746G-DISC_i2C/STM32F746NGHX_FLASH.ld" --specs=nosys.specs -Wl,-Map="STM32F746G-DISC_i2C.map" -Wl,--gc-sections -static -u_printf_float --specs=nano.specs -mfpu=fpv5-sp-d16 -mfloat-abi=hard -mthumb -Wl,--start-group -lc -lm -Wl,--end-group
  103 |  int T = 24.5;
      |      ^
Finished building target: STM32F746G-DISC_i2C.elf
 
arm-none-eabi-size   STM32F746G-DISC_i2C.elf 
arm-none-eabi-objdump -h -S  STM32F746G-DISC_i2C.elf  > "STM32F746G-DISC_i2C.list"
arm-none-eabi-objcopy  -O binary  STM32F746G-DISC_i2C.elf  "STM32F746G-DISC_i2C.bin"
   text	   data	    bss	    dec	    hex	filename
  28880	    484	   1756	  31120	   7990	STM32F746G-DISC_i2C.elf
Finished building: default.size.stdout
 
Finished building: STM32F746G-DISC_i2C.bin
 
Finished building: STM32F746G-DISC_i2C.list
 

19:29:18 Build Finished. 0 errors, 1 warnings. (took 1s.363ms)

