12:09:29 **** Incremental Build of configuration Debug for project STM32F746G-DISC_i2C ****
make -j7 all 
arm-none-eabi-gcc "../Core/Src/main.c" -mcpu=cortex-m7 -std=gnu11 -g3 -DDEBUG -DUSE_HAL_DRIVER -DSTM32F746xx -c -I../Core/Inc -I../Drivers/STM32F7xx_HAL_Driver/Inc -I../Drivers/STM32F7xx_HAL_Driver/Inc/Legacy -I../Drivers/CMSIS/Device/ST/STM32F7xx/Include -I../Drivers/CMSIS/Include -O0 -ffunction-sections -fdata-sections -Wall -fstack-usage -MMD -MP -MF"Core/Src/main.d" -MT"Core/Src/main.o" --specs=nano.specs -mfpu=fpv5-sp-d16 -mfloat-abi=hard -mthumb -o "Core/Src/main.o"
In file included from ../Core/Src/main.c:25:
../Core/Inc/lcd16x2_i2c.h:53:61: warning: "/*" within comment [-Wcomment]
   53 |  * @brief Display ON/OFF, to hide all characters, but not cl/*
      |                                                              
In file included from ../Core/Inc/lcd16x2_i2c.h:60,
                 from ../Core/Src/main.c:25:
../Core/Inc/lcd16x2_i2c.h:53:61: warning: "/*" within comment [-Wcomment]
   53 |  * @brief Display ON/OFF, to hide all characters, but not cl/*
      |                                                              
../Core/Src/main.c: In function 'main':
../Core/Src/main.c:96:2: warning: statement with no effect [-Wunused-value]
   96 |  lcd16x2_i2c_clear;
      |  ^~~~~~~~~~~~~~~~~
arm-none-eabi-gcc -o "STM32F746G-DISC_i2C.elf" @"objects.list"   -mcpu=cortex-m7 -T"/Users/byungwookoh/Documents/GitHub/STM32F746G-DISCO/STM32F746G-DISC_i2C/STM32F746NGHX_FLASH.ld" --specs=nosys.specs -Wl,-Map="STM32F746G-DISC_i2C.map" -Wl,--gc-sections -static -u_printf_float --specs=nano.specs -mfpu=fpv5-sp-d16 -mfloat-abi=hard -mthumb -Wl,--start-group -lc -lm -Wl,--end-group
Finished building target: STM32F746G-DISC_i2C.elf
 
arm-none-eabi-size   STM32F746G-DISC_i2C.elf 
arm-none-eabi-objdump -h -S  STM32F746G-DISC_i2C.elf  > "STM32F746G-DISC_i2C.list"
arm-none-eabi-objcopy  -O binary  STM32F746G-DISC_i2C.elf  "STM32F746G-DISC_i2C.bin"
   text	   data	    bss	    dec	    hex	filename
  28792	    484	   1756	  31032	   7938	STM32F746G-DISC_i2C.elf
Finished building: default.size.stdout
 
Finished building: STM32F746G-DISC_i2C.bin
 
Finished building: STM32F746G-DISC_i2C.list
 

12:09:30 Build Finished. 0 errors, 3 warnings. (took 1s.361ms)

